Using CPython 3.11.10 interpreter at: /root/miniconda3/envs/py3.11/bin/python3
Creating virtual environment with seed packages at: .venv
 + packaging==26.3
 + pip==26.2.1
 + setuptools==83.0.0
 + wheel==0.47.0
Activate with: source .venv/bin/activate
[jl] Installing from mobile-scale-sweep.txt
Resolved 51 packages in 251ms
   Building barunlm @ file:///home/barun-scale-sweep-vp7eKG
Downloading nvidia-cufile (1.2MiB)
Downloading nvidia-nvjitlink (38.9MiB)
Downloading nvidia-cusparselt-cu13 (162.3MiB)
Downloading torchvision (7.3MiB)
Downloading cuda-bindings (6.4MiB)
Downloading nvidia-cufft (204.2MiB)
Downloading numpy (16.1MiB)
Downloading nvidia-nvshmem-cu13 (57.6MiB)
Downloading nvidia-cuda-runtime (2.1MiB)
Downloading tokenizers (3.0MiB)
Downloading hf-xet (4.3MiB)
Downloading nvidia-cuda-cupti (10.2MiB)
Downloading nvidia-curand (56.8MiB)
Downloading nvidia-cusparse (139.2MiB)
Downloading nvidia-cuda-nvrtc (86.0MiB)
Downloading pygments (1.2MiB)
Downloading transformers (9.2MiB)
Downloading triton (188.5MiB)
Downloading torch (502.2MiB)
Downloading nvidia-cudnn-cu13 (349.2MiB)
Downloading nvidia-cusolver (191.6MiB)
Downloading nvidia-cublas (403.5MiB)
Downloading nvidia-nccl-cu13 (196.4MiB)
Downloading sympy (6.0MiB)
Downloading networkx (2.0MiB)
Downloading pillow (6.6MiB)
 Downloaded nvidia-cufile
      Built barunlm @ file:///home/barun-scale-sweep-vp7eKG
 Downloaded nvidia-cuda-runtime
 Downloaded pygments
 Downloaded tokenizers
 Downloaded hf-xet
 Downloaded networkx
 Downloaded cuda-bindings
 Downloaded pillow
 Downloaded torchvision
 Downloaded nvidia-cuda-cupti
 Downloaded sympy
 Downloaded numpy
 Downloaded transformers
 Downloaded nvidia-nvjitlink
 Downloaded nvidia-curand
 Downloaded nvidia-nvshmem-cu13
 Downloaded nvidia-cuda-nvrtc
 Downloaded nvidia-cusparse
 Downloaded nvidia-cusparselt-cu13
 Downloaded nvidia-cusolver
 Downloaded nvidia-nccl-cu13
 Downloaded triton
 Downloaded nvidia-cufft
 Downloaded nvidia-cudnn-cu13
 Downloaded nvidia-cublas
 Downloaded torch
Prepared 49 packages in 16.12s
Installed 49 packages in 4.05s
 + barunlm==1.1.0 (from file:///home/barun-scale-sweep-vp7eKG)
 + certifi==2026.7.22
 + charset-normalizer==3.4.9
 + cuda-bindings==13.3.1
 + cuda-pathfinder==1.6.0
 + cuda-toolkit==13.0.3.0
 + filelock==3.32.2
 + fsspec==2026.7.0
 + hf-xet==1.6.0
 + huggingface-hub==0.36.2
 + idna==3.18
 + iniconfig==2.3.0
 + jinja2==3.1.6
 + markupsafe==3.0.3
 + mpmath==1.3.0
 + networkx==3.6.1
 + numpy==2.4.6
 + nvidia-cublas==13.1.1.3
 + nvidia-cuda-cupti==13.0.85
 + nvidia-cuda-nvrtc==13.0.88
 + nvidia-cuda-runtime==13.0.96
 + nvidia-cudnn-cu13==9.20.0.48
 + nvidia-cufft==12.0.0.61
 + nvidia-cufile==1.15.1.6
 + nvidia-curand==10.4.0.35
 + nvidia-cusolver==12.0.4.66
 + nvidia-cusparse==12.6.3.3
 + nvidia-cusparselt-cu13==0.8.1
 + nvidia-nccl-cu13==2.29.7
 + nvidia-nvjitlink==13.3.33
 + nvidia-nvshmem-cu13==3.4.5
 + nvidia-nvtx==13.0.85
 + pillow==12.3.0
 + pluggy==1.6.0
 + pygments==2.20.0
 + pytest==8.4.1
 + pyyaml==6.0.3
 + regex==2026.7.19
 + requests==2.34.2
 + safetensors==0.8.0
 + sympy==1.14.0
 + tokenizers==0.21.4
 + torch==2.13.0
 + torchvision==0.28.0
 + tqdm==4.70.0
 + transformers==4.48.3
 + triton==3.7.1
 + typing-extensions==4.16.0
 + urllib3==2.7.0
..............................................................           [100%]
=============================== warnings summary ===============================
.venv/lib/python3.11/site-packages/torch/jit/_script.py:365: 14 warnings
  /home/barun-scale-sweep-vp7eKG/.venv/lib/python3.11/site-packages/torch/jit/_script.py:365: DeprecationWarning: `torch.jit.script_method` is deprecated. Please switch to `torch.compile` or `torch.export`.
    warnings.warn(

-- Docs: https://docs.pytest.org/en/stable/how-to/capture-warnings.html
62 passed, 14 warnings in 11.18s
/root/miniconda3/envs/py3.11/lib/python3.11/site-packages/sklearn/utils/__init__.py:16: UserWarning: A NumPy version >=1.23.5 and <2.3.0 is required for this version of SciPy (detected version 2.4.6)
  from scipy.sparse import issparse

Fetching 5 files:   0%|          | 0/5 [00:00<?, ?it/s]
Fetching 5 files:  20%|██        | 1/5 [00:00<00:01,  3.57it/s]
Fetching 5 files:  40%|████      | 2/5 [00:00<00:00,  5.00it/s]
Fetching 5 files: 100%|██████████| 5/5 [00:15<00:00,  3.10s/it]
Fetching 5 files: 100%|██████████| 5/5 [00:15<00:00,  3.10s/it]
Traceback (most recent call last):
  File "/home/barun-scale-sweep-vp7eKG/.venv/lib/python3.11/site-packages/transformers/utils/import_utils.py", line 1817, in _get_module
    return importlib.import_module("." + module_name, self.__name__)
           ^^^^^^^^^^^^^^^^^^^^^^^^^^^^^^^^^^^^^^^^^^^^^^^^^^^^^^^^^
  File "/root/miniconda3/envs/py3.11/lib/python3.11/importlib/__init__.py", line 126, in import_module
    return _bootstrap._gcd_import(name[level:], package, level)
           ^^^^^^^^^^^^^^^^^^^^^^^^^^^^^^^^^^^^^^^^^^^^^^^^^^^^
  File "<frozen importlib._bootstrap>", line 1204, in _gcd_import
  File "<frozen importlib._bootstrap>", line 1176, in _find_and_load
  File "<frozen importlib._bootstrap>", line 1147, in _find_and_load_unlocked
  File "<frozen importlib._bootstrap>", line 690, in _load_unlocked
  File "<frozen importlib._bootstrap_external>", line 940, in exec_module
  File "<frozen importlib._bootstrap>", line 241, in _call_with_frames_removed
  File "/home/barun-scale-sweep-vp7eKG/.venv/lib/python3.11/site-packages/transformers/models/gpt_neox/modeling_gpt_neox.py", line 42, in <module>
    from ...modeling_utils import PreTrainedModel
  File "/home/barun-scale-sweep-vp7eKG/.venv/lib/python3.11/site-packages/transformers/modeling_utils.py", line 48, in <module>
    from .integrations.flash_attention import flash_attention_forward
  File "/home/barun-scale-sweep-vp7eKG/.venv/lib/python3.11/site-packages/transformers/integrations/flash_attention.py", line 5, in <module>
    from ..modeling_flash_attention_utils import _flash_attention_forward
  File "/home/barun-scale-sweep-vp7eKG/.venv/lib/python3.11/site-packages/transformers/modeling_flash_attention_utils.py", line 30, in <module>
    from flash_attn.bert_padding import index_first_axis, pad_input, unpad_input  # noqa
    ^^^^^^^^^^^^^^^^^^^^^^^^^^^^^^^^^^^^^^^^^^^^^^^^^^^^^^^^^^^^^^^^^^^^^^^^^^^^
  File "/root/miniconda3/envs/py3.11/lib/python3.11/site-packages/flash_attn/__init__.py", line 3, in <module>
    from flash_attn.flash_attn_interface import (
  File "/root/miniconda3/envs/py3.11/lib/python3.11/site-packages/flash_attn/flash_attn_interface.py", line 10, in <module>
    import flash_attn_2_cuda as flash_attn_cuda
ImportError: /root/miniconda3/envs/py3.11/lib/python3.11/site-packages/flash_attn_2_cuda.cpython-311-x86_64-linux-gnu.so: undefined symbol: _ZN3c104cuda29c10_cuda_check_implementationEiPKcS2_ib

The above exception was the direct cause of the following exception:

Traceback (most recent call last):
  File "/home/barun-scale-sweep-vp7eKG/scripts/run_mobile_scale_sweep.py", line 33, in <module>
    main()
  File "/home/barun-scale-sweep-vp7eKG/scripts/run_mobile_scale_sweep.py", line 29, in main
    run_main()
  File "/home/barun-scale-sweep-vp7eKG/src/barunlm/baselines/mobile_scale_sweep.py", line 1944, in main
    result = run(args)
             ^^^^^^^^^
  File "/home/barun-scale-sweep-vp7eKG/src/barunlm/baselines/mobile_scale_sweep.py", line 1765, in run
    model = AutoModelForCausalLM.from_pretrained(
            ^^^^^^^^^^^^^^^^^^^^^^^^^^^^^^^^^^^^^
  File "/home/barun-scale-sweep-vp7eKG/.venv/lib/python3.11/site-packages/transformers/models/auto/auto_factory.py", line 563, in from_pretrained
    model_class = _get_model_class(config, cls._model_mapping)
                  ^^^^^^^^^^^^^^^^^^^^^^^^^^^^^^^^^^^^^^^^^^^^
  File "/home/barun-scale-sweep-vp7eKG/.venv/lib/python3.11/site-packages/transformers/models/auto/auto_factory.py", line 388, in _get_model_class
    supported_models = model_mapping[type(config)]
                       ~~~~~~~~~~~~~^^^^^^^^^^^^^^
  File "/home/barun-scale-sweep-vp7eKG/.venv/lib/python3.11/site-packages/transformers/models/auto/auto_factory.py", line 763, in __getitem__
    return self._load_attr_from_module(model_type, model_name)
           ^^^^^^^^^^^^^^^^^^^^^^^^^^^^^^^^^^^^^^^^^^^^^^^^^^^
  File "/home/barun-scale-sweep-vp7eKG/.venv/lib/python3.11/site-packages/transformers/models/auto/auto_factory.py", line 777, in _load_attr_from_module
    return getattribute_from_module(self._modules[module_name], attr)
           ^^^^^^^^^^^^^^^^^^^^^^^^^^^^^^^^^^^^^^^^^^^^^^^^^^^^^^^^^^
  File "/home/barun-scale-sweep-vp7eKG/.venv/lib/python3.11/site-packages/transformers/models/auto/auto_factory.py", line 693, in getattribute_from_module
    if hasattr(module, attr):
       ^^^^^^^^^^^^^^^^^^^^^
  File "/home/barun-scale-sweep-vp7eKG/.venv/lib/python3.11/site-packages/transformers/utils/import_utils.py", line 1805, in __getattr__
    module = self._get_module(self._class_to_module[name])
             ^^^^^^^^^^^^^^^^^^^^^^^^^^^^^^^^^^^^^^^^^^^^^
  File "/home/barun-scale-sweep-vp7eKG/.venv/lib/python3.11/site-packages/transformers/utils/import_utils.py", line 1819, in _get_module
    raise RuntimeError(
RuntimeError: Failed to import transformers.models.gpt_neox.modeling_gpt_neox because of the following error (look up to see its traceback):
/root/miniconda3/envs/py3.11/lib/python3.11/site-packages/flash_attn_2_cuda.cpython-311-x86_64-linux-gnu.so: undefined symbol: _ZN3c104cuda29c10_cuda_check_implementationEiPKcS2_ib
